ASxxxx Linker V02.00 + NoICE + sdld,  page 1.
Hexadecimal  [32-Bits]

Area                                    Addr        Size        Decimal Bytes (Attributes)
--------------------------------        ----        ----        ------- ----- ------------
CABS                                00000000    00000000 =           0. bytes (ABS,CON,CODE)

      Value  Global                              Global Defined In Module
      -----  --------------------------------   ------------------------
     0C:   FFFFFF00  s_BSEG                          
     0C:   00000000  l_BIT_BANK                      
     0C:   00000000  l_BSEG                          
     0C:   00000000  l_BSEG_BYTES                    
     0C:   00000000  l_CABS                          
     0C:   00000000  l_GSINIT                        
     0C:   00000000  l_GSINIT1                       
     0C:   00000000  l_GSINIT5                       
     0C:   00000000  l_IABS                          
     0C:   00000000  l_ISEG                          
     0C:   00000000  l_PSEG                          
     0C:   00000000  l_REG_BANK_1                    
     0C:   00000000  l_REG_BANK_2                    
     0C:   00000000  l_REG_BANK_3                    
     0C:   00000000  l_RSEG                          
     0C:   00000000  l_RSEG0                         
     0C:   00000000  l_RSEG1                         
     0C:   00000000  l_XABS                          
     0C:   00000000  l_XINIT                         
     0C:   00000000  l_XISEG                         
     0C:   00000000  l_XSEG                          
     0C:   00000000  l__CODE                         
     0C:   00000000  s_BSEG_BYTES                    
     0C:   00000000  s_CABS                          
     0C:   00000000  s_DSEG                          
     0C:   00000000  s_HOME                          
     0C:   00000000  s_IABS                          
     0C:   00000000  s_ISEG                          
     0C:   00000000  s_PSEG                          
     0C:   00000000  s_REG_BANK_0                    
     0C:   00000000  s_RSEG                          
     0C:   00000000  s_RSEG0                         
     0C:   00000000  s_RSEG1                         
     0C:   00000000  s_XABS                          
     0C:   00000000  s_XISEG                         
     0C:   00000000  s_XSEG                          
     0C:   00000003  l_GSFINAL                       
     0C:   00000003  l_GSINIT0                       
     0C:   00000004  l_OSEG                          
     0C:   00000008  l_REG_BANK_0                    
     0C:   00000008  s_REG_BANK_1                    
     0C:   0000000A  l_GSINIT2                       
     0C:   0000000A  l_HOME                          
     0C:   0000000A  s_GSINIT0                       
     0C:   0000000D  s_GSINIT1                       
     0C:   0000000D  s_GSINIT2                       
     0C:   0000000F  s_OSEG                          
     0C:   00000010  l_CONST                         
     0C:   00000010  s_REG_BANK_2                    
     0C:   00000013  s_SSEG                          
ASxxxx Linker V02.00 + NoICE + sdld,  page 2.
Hexadecimal  [32-Bits]

Area                                    Addr        Size        Decimal Bytes (Attributes)
--------------------------------        ----        ----        ------- ----- ------------
CABS                                00000000    00000000 =           0. bytes (ABS,CON,CODE)

      Value  Global                              Global Defined In Module
      -----  --------------------------------   ------------------------
     0C:   00000017  s_GSINIT3                       
     0C:   00000018  s_BIT_BANK                      
     0C:   00000018  s_REG_BANK_3                    
     0C:   00000020  s__CODE                         
     0C:   00000022  l_GSINIT3                       
     0C:   0000002A  l_GSINIT4                       
     0C:   00000039  s_GSINIT4                       
     0C:   00000063  s_GSFINAL                       
     0C:   00000063  s_GSINIT                        
     0C:   00000063  s_GSINIT5                       
     0C:   00000066  s_CSEG                          
     0C:   00000080  l_DSEG                          
     0C:   000000ED  l_SSEG                          
     0C:   00000100  l_IRAM                          
     0C:   000003C2  l_CSEG                          
     0C:   00000428  s_CONST                         
     0C:   00000438  s_XINIT                         

ASxxxx Linker V02.00 + NoICE + sdld,  page 3.
Hexadecimal  [32-Bits]

Area                                    Addr        Size        Decimal Bytes (Attributes)
--------------------------------        ----        ----        ------- ----- ------------
.	.ABS.                             00000000    00000000 =           0. bytes (ABS,CON)

      Value  Global                              Global Defined In Module
      -----  --------------------------------   ------------------------
           00000000  .__.ABS.                           _startup
           00000080  _P0                                asdf
           00000080  _P0_0                              asdf
           00000081  _P0_1                              asdf
           00000081  _SP                                asdf
           00000082  _DPL                               asdf
           00000082  _P0_2                              asdf
           00000083  _DPH                               asdf
           00000083  _P0_3                              asdf
           00000084  _P0_4                              asdf
           00000085  _P0_5                              asdf
           00000086  _P0_6                              asdf
           00000087  _P0_7                              asdf
           00000087  _PCON                              asdf
           00000088  _IT0                               asdf
           00000088  _TCON                              asdf
           00000089  _IE0                               asdf
           00000089  _TMOD                              asdf
           0000008A  _IT1                               asdf
           0000008A  _TL0                               asdf
           0000008B  _IE1                               asdf
           0000008B  _TL1                               asdf
           0000008C  _TH0                               asdf
           0000008C  _TR0                               asdf
           0000008D  _TF0                               asdf
           0000008D  _TH1                               asdf
           0000008E  _TR1                               asdf
           0000008F  _TF1                               asdf
           00000090  _P1                                asdf
           00000090  _P1_0                              asdf
           00000091  _P1_1                              asdf
           00000092  _P1_2                              asdf
           00000093  _P1_3                              asdf
           00000094  _P1_4                              asdf
           00000095  _P1_5                              asdf
           00000096  _P1_6                              asdf
           00000097  _P1_7                              asdf
           00000098  _RI                                asdf
           00000098  _SCON                              asdf
           00000099  _SBUF                              asdf
           00000099  _TI                                asdf
           0000009A  _RB8                               asdf
           0000009B  _TB8                               asdf
           0000009C  _REN                               asdf
           0000009D  _SM2                               asdf
           0000009E  _SM1                               asdf
           0000009F  _SM0                               asdf
           000000A0  _P2                                asdf
           000000A0  _P2_0                              asdf
           000000A0  __XPAGE                            
ASxxxx Linker V02.00 + NoICE + sdld,  page 4.
Hexadecimal  [32-Bits]

Area                                    Addr        Size        Decimal Bytes (Attributes)
--------------------------------        ----        ----        ------- ----- ------------
.	.ABS.                             00000000    00000000 =           0. bytes (ABS,CON)

      Value  Global                              Global Defined In Module
      -----  --------------------------------   ------------------------
           000000A1  _P2_1                              asdf
           000000A2  _P2_2                              asdf
           000000A3  _P2_3                              asdf
           000000A4  _P2_4                              asdf
           000000A5  _P2_5                              asdf
           000000A6  _P2_6                              asdf
           000000A7  _P2_7                              asdf
           000000A8  _EX0                               asdf
           000000A8  _IE                                asdf
           000000A9  _ET0                               asdf
           000000AA  _EX1                               asdf
           000000AB  _ET1                               asdf
           000000AC  _ES                                asdf
           000000AF  _EA                                asdf
           000000B0  _P3                                asdf
           000000B0  _P3_0                              asdf
           000000B0  _RXD                               asdf
           000000B1  _P3_1                              asdf
           000000B1  _TXD                               asdf
           000000B2  _INT0                              asdf
           000000B2  _P3_2                              asdf
           000000B3  _INT1                              asdf
           000000B3  _P3_3                              asdf
           000000B4  _P3_4                              asdf
           000000B4  _T0                                asdf
           000000B5  _P3_5                              asdf
           000000B5  _T1                                asdf
           000000B6  _P3_6                              asdf
           000000B6  _WR                                asdf
           000000B7  _P3_7                              asdf
           000000B7  _RD                                asdf
           000000B8  _IP                                asdf
           000000B8  _PX0                               asdf
           000000B9  _PT0                               asdf
           000000BA  _PX1                               asdf
           000000BB  _PT1                               asdf
           000000BC  _PS                                asdf
           000000D0  _P                                 asdf
           000000D0  _PSW                               asdf
           000000D1  _F1                                asdf
           000000D2  _OV                                asdf
           000000D3  _RS0                               asdf
           000000D4  _RS1                               asdf
           000000D5  _F0                                asdf
           000000D6  _AC                                asdf
           000000D7  _CY                                asdf
           000000E0  _ACC                               asdf
           000000F0  _B                                 asdf
           000000F5  _B_5                               _gptrget
           000000F6  _B_6                               _gptrget
           000000F7  _B_7                               _gptrget

ASxxxx Linker V02.00 + NoICE + sdld,  page 5.
Hexadecimal  [32-Bits]

Area                                    Addr        Size        Decimal Bytes (Attributes)
--------------------------------        ----        ----        ------- ----- ------------
REG_BANK_0                          00000000    00000008 =           8. bytes (REL,OVR)

      Value  Global                              Global Defined In Module
      -----  --------------------------------   ------------------------
ASxxxx Linker V02.00 + NoICE + sdld,  page 6.
Hexadecimal  [32-Bits]

Area                                    Addr        Size        Decimal Bytes (Attributes)
--------------------------------        ----        ----        ------- ----- ------------
DSEG                                00000000    00000080 =         128. bytes (REL,CON)

      Value  Global                              Global Defined In Module
      -----  --------------------------------   ------------------------
ASxxxx Linker V02.00 + NoICE + sdld,  page 7.
Hexadecimal  [32-Bits]

Area                                    Addr        Size        Decimal Bytes (Attributes)
--------------------------------        ----        ----        ------- ----- ------------
OSEG                                0000000F    00000004 =           4. bytes (REL,OVR)

      Value  Global                              Global Defined In Module
      -----  --------------------------------   ------------------------
           0000000F  __divslong_PARM_2                  _divulong
           0000000F  __divulong_PARM_2                  _divulong
           0000000F  __gptrput_PARM_2                   _gptrput
           0000000F  __modslong_PARM_2                  _modulong
           0000000F  __modulong_PARM_2                  _modulong

ASxxxx Linker V02.00 + NoICE + sdld,  page 8.
Hexadecimal  [32-Bits]

Area                                    Addr        Size        Decimal Bytes (Attributes)
--------------------------------        ----        ----        ------- ----- ------------
SSEG                                00000013    000000ED =         237. bytes (REL,OVR)

      Value  Global                              Global Defined In Module
      -----  --------------------------------   ------------------------
           00000013  __start__stack                     asdf

ASxxxx Linker V02.00 + NoICE + sdld,  page 9.
Hexadecimal  [32-Bits]

Area                                    Addr        Size        Decimal Bytes (Attributes)
--------------------------------        ----        ----        ------- ----- ------------
HOME                                00000000    0000000A =          10. bytes (REL,CON,CODE)

      Value  Global                              Global Defined In Module
      -----  --------------------------------   ------------------------
     0C:   00000003  __sdcc_program_startup             asdf
     0C:   00000008  __sdcc_call_dptr                   

ASxxxx Linker V02.00 + NoICE + sdld,  page 10.
Hexadecimal  [32-Bits]

Area                                    Addr        Size        Decimal Bytes (Attributes)
--------------------------------        ----        ----        ------- ----- ------------
GSINIT0                             0000000A    00000003 =           3. bytes (REL,CON,CODE)

      Value  Global                              Global Defined In Module
      -----  --------------------------------   ------------------------
     0C:   0000000A  __sdcc_gsinit_startup              

ASxxxx Linker V02.00 + NoICE + sdld,  page 11.
Hexadecimal  [32-Bits]

Area                                    Addr        Size        Decimal Bytes (Attributes)
--------------------------------        ----        ----        ------- ----- ------------
GSINIT2                             0000000D    0000000A =          10. bytes (REL,CON,CODE)

      Value  Global                              Global Defined In Module
      -----  --------------------------------   ------------------------
ASxxxx Linker V02.00 + NoICE + sdld,  page 12.
Hexadecimal  [32-Bits]

Area                                    Addr        Size        Decimal Bytes (Attributes)
--------------------------------        ----        ----        ------- ----- ------------
GSINIT3                             00000017    00000022 =          34. bytes (REL,CON,CODE)

      Value  Global                              Global Defined In Module
      -----  --------------------------------   ------------------------
     0C:   00000017  __mcs51_genXINIT                   

ASxxxx Linker V02.00 + NoICE + sdld,  page 13.
Hexadecimal  [32-Bits]

Area                                    Addr        Size        Decimal Bytes (Attributes)
--------------------------------        ----        ----        ------- ----- ------------
GSINIT4                             00000039    0000002A =          42. bytes (REL,CON,CODE)

      Value  Global                              Global Defined In Module
      -----  --------------------------------   ------------------------
     0C:   00000039  __mcs51_genRAMCLEAR                
     0C:   0000003F  __mcs51_genXRAMCLEAR               

ASxxxx Linker V02.00 + NoICE + sdld,  page 14.
Hexadecimal  [32-Bits]

Area                                    Addr        Size        Decimal Bytes (Attributes)
--------------------------------        ----        ----        ------- ----- ------------
GSFINAL                             00000063    00000003 =           3. bytes (REL,CON,CODE)

      Value  Global                              Global Defined In Module
      -----  --------------------------------   ------------------------
ASxxxx Linker V02.00 + NoICE + sdld,  page 15.
Hexadecimal  [32-Bits]

Area                                    Addr        Size        Decimal Bytes (Attributes)
--------------------------------        ----        ----        ------- ----- ------------
CSEG                                00000066    000003C2 =         962. bytes (REL,CON,CODE)

      Value  Global                              Global Defined In Module
      -----  --------------------------------   ------------------------
     0C:   00000066  _delay                             asdf
     0C:   00000092  _display                           asdf
     0C:   00000225  _asd                               asdf
     0C:   00000248  _main                              asdf
     0C:   00000307  __modulong                         _modulong
     0C:   0000038A  __divulong                         _divulong
     0C:   000003EF  __gptrput                          _gptrput
     0C:   00000408  __gptrget                          _gptrget
     0C:   00000424  __sdcc_external_startup            _startup
ASxxxx Linker V02.00 + NoICE + sdld,  page 16.
Hexadecimal  [32-Bits]

Area                                    Addr        Size        Decimal Bytes (Attributes)
--------------------------------        ----        ----        ------- ----- ------------
CONST                               00000428    00000010 =          16. bytes (REL,CON,CODE)

      Value  Global                              Global Defined In Module
      -----  --------------------------------   ------------------------
     0C:   00000428  _display_seg                       asdf
     0C:   00000433  _seg_position                      asdf

ASxxxx Linker V02.00 + NoICE + sdld,  page 17.

Files Linked                              [ module(s) ]

asdf.rel                                  [  ]


Libraries Linked                          [ object file ]

/usr/share/sdcc/lib/small/liblong.lib     [ _modulong.rel ]
/usr/share/sdcc/lib/small/liblong.lib     [ _divulong.rel ]
/usr/share/sdcc/lib/small/mcs51.lib       [ crtclear.rel ]
/usr/share/sdcc/lib/small/mcs51.lib       [ crtxinit.rel ]
/usr/share/sdcc/lib/small/libsdcc.lib     [ _gptrput.rel ]
/usr/share/sdcc/lib/small/mcs51.lib       [ crtxclear.rel ]
/usr/share/sdcc/lib/small/mcs51.lib       [ crtcall.rel ]
/usr/share/sdcc/lib/small/mcs51.lib       [ crtpagesfr.rel ]
/usr/share/sdcc/lib/small/mcs51.lib       [ crtstart.rel ]
/usr/share/sdcc/lib/small/libsdcc.lib     [ _gptrget.rel ]
/usr/share/sdcc/lib/small/libsdcc.lib     [ _startup.rel ]

ASxxxx Linker V02.00 + NoICE + sdld,  page 18.

User Base Address Definitions

HOME = 0x0000
ISEG = 0x0000
BSEG = 0x0000

