
Hexadecimal

Area                               Addr   Size   Decimal Bytes (Attributes)
--------------------------------   ----   ----   ------- ----- ------------
CABS                               0000   0000 =      0. bytes (ABS,CON,CODE)

      Value  Global
   --------  --------------------------------
  0C:0000    l_CABS
  0C:0000    l_CONST
  0C:0000    l_GSINIT
  0C:0000    l_GSINIT1
  0C:0000    l_GSINIT5
  0C:0000    l_IABS
  0C:0000    l_ISEG
  0C:0000    l_PSEG
  0C:0000    l_REG_BANK_1
  0C:0000    l_REG_BANK_2
  0C:0000    l_REG_BANK_3
  0C:0000    l_RSEG
  0C:0000    l_XABS
  0C:0000    l__CODE
  0C:0000    s_BSEG
  0C:0000    s_CABS
  0C:0000    s_DSEG
  0C:0000    s_HOME
  0C:0000    s_IABS
  0C:0000    s_ISEG
  0C:0000    s_PSEG
  0C:0000    s_REG_BANK_0
  0C:0000    s_XABS
  0C:0000    s_XSEG
  0C:0001    l_BIT_BANK
  0C:0001    l_BSEG_BYTES
  0C:0002    l_BSEG
  0C:0003    l_GSFINAL
  0C:0003    l_GSINIT0
  0C:0004    l_OSEG
  0C:0008    l_REG_BANK_0
  0C:0008    s_REG_BANK_1
  0C:000A    l_GSINIT2
  0C:0010    s_REG_BANK_2
  0C:0015    s_OSEG
  0C:0018    s_REG_BANK_3
  0C:0020    s_BSEG_BYTES
  0C:0020    s__CODE
  0C:0021    s_BIT_BANK
  0C:0022    l_GSINIT3
  0C:0022    s_RSEG
  0C:0022    s_SSEG
  0C:0023    l_HOME
  0C:0023    s_GSINIT0
  0C:0026    s_GSINIT1
  0C:0026    s_GSINIT2
  0C:002A    l_GSINIT4
  0C:0030    s_GSINIT3
  0C:0042    l_XSEG
  0C:0042    s_XISEG
  0C:0052    s_GSINIT4
  0C:0079    l_DSEG
  0C:007C    s_GSFINAL
  0C:007C    s_GSINIT
  0C:007C    s_GSINIT5
  0C:007F    s_CSEG
  0C:0089    l_XINIT
  0C:0089    l_XISEG
  0C:00DE    l_SSEG
  0C:0100    l_IRAM
  0C:0912    l_CSEG
  0C:0991    s_CONST
  0C:0991    s_XINIT



Hexadecimal

Area                               Addr   Size   Decimal Bytes (Attributes)
--------------------------------   ----   ----   ------- ----- ------------
.  .ABS.                           0000   0000 =      0. bytes (ABS,CON)

      Value  Global
   --------  --------------------------------
     0080    _P0
     0080    _P0_0
     0081    _P0_1
     0081    _SP
     0082    _DPL
     0082    _P0_2
     0083    _DPH
     0083    _P0_3
     0084    _P0_4
     0085    _P0_5
     0086    _P0_6
     0087    _P0_7
     0087    _PCON
     0088    _IT0
     0088    _TCON
     0089    _IE0
     0089    _TMOD
     008A    _IT1
     008A    _TL0
     008B    _IE1
     008B    _TL1
     008C    _TH0
     008C    _TR0
     008D    _TF0
     008D    _TH1
     008E    _TR1
     008F    _TF1
     0090    _P1
     0090    _P1_0
     0091    _P1_1
     0092    _P1_2
     0093    _P1_3
     0094    _P1_4
     0095    _P1_5
     0096    _P1_6
     0097    _P1_7
     0098    _RI
     0098    _SCON
     0099    _SBUF
     0099    _TI
     009A    _RB8
     009B    _TB8
     009C    _REN
     009D    _SM2
     009E    _SM1
     009F    _SM0
     00A0    _P2
     00A0    _P2_0
     00A0    __XPAGE
     00A1    _P2_1
     00A2    _P2_2
     00A3    _P2_3
     00A4    _P2_4
     00A5    _P2_5
     00A6    _P2_6
     00A7    _P2_7
     00A8    _EX0
     00A8    _IE
     00A9    _ET0
     00AA    _EX1
     00AB    _ET1
     00AC    _ES
     00AF    _EA
     00B0    _P3
     00B0    _P3_0
     00B0    _RXD
     00B1    _P3_1
     00B1    _TXD
     00B2    _INT0
     00B2    _P3_2
     00B3    _INT1
     00B3    _P3_3
     00B4    _P3_4
     00B4    _T0
     00B5    _P3_5
     00B5    _T1
     00B6    _P3_6
     00B6    _WR
     00B7    _P3_7
     00B7    _RD
     00B8    _IP
     00B8    _PX0
     00B9    _PT0
     00BA    _PX1
     00BB    _PT1
     00BC    _PS
     00D0    _P
     00D0    _PSW
     00D1    _F1
     00D2    _OV
     00D3    _RS0
     00D4    _RS1
     00D5    _F0
     00D6    _AC
     00D7    _CY
     00E0    _ACC
     00F0    _B










Hexadecimal

Area                               Addr   Size   Decimal Bytes (Attributes)
--------------------------------   ----   ----   ------- ----- ------------
OSEG                               0015   0004 =      4. bytes (REL,OVR)

      Value  Global
   --------  --------------------------------
     0015    __divulong_sloc0_1_0
     0015    __modulong_sloc0_1_0


Hexadecimal

Area                               Addr   Size   Decimal Bytes (Attributes)
--------------------------------   ----   ----   ------- ----- ------------
SSEG                               0022   00DE =    222. bytes (REL,OVR)

      Value  Global
   --------  --------------------------------
     0022    __start__stack



Hexadecimal

Area                               Addr   Size   Decimal Bytes (Attributes)
--------------------------------   ----   ----   ------- ----- ------------
XSEG                               0000   0042 =     66. bytes (REL,CON,XDATA)

      Value  Global
   --------  --------------------------------
  0D:0002    _t_h
  0D:0003    _t_l
  0D:0006    _i
  0D:0008    __c
  0D:000A    __modslong_PARM_2
  0D:0012    __modulong_PARM_2
  0D:001B    __divslong_PARM_2
  0D:0023    __divulong_PARM_2
  0D:002F    __modsint_PARM_2
  0D:0033    __moduint_PARM_2
  0D:0038    __divsint_PARM_2
  0D:003C    __divuint_PARM_2

Hexadecimal

Area                               Addr   Size   Decimal Bytes (Attributes)
--------------------------------   ----   ----   ------- ----- ------------
XISEG                              0042   0089 =    137. bytes (REL,CON,XDATA)

      Value  Global
   --------  --------------------------------
  0D:0042    _t
  0D:005A    _time
  0D:009C    _s
  0D:00B9    _display_seg
  0D:00C4    _seg_position
  0D:00C9    _count

Hexadecimal

Area                               Addr   Size   Decimal Bytes (Attributes)
--------------------------------   ----   ----   ------- ----- ------------
HOME                               0000   0023 =     35. bytes (REL,CON,CODE)

      Value  Global
   --------  --------------------------------
  0C:001E    __sdcc_program_startup

Hexadecimal

Area                               Addr   Size   Decimal Bytes (Attributes)
--------------------------------   ----   ----   ------- ----- ------------
GSINIT0                            0023   0003 =      3. bytes (REL,CON,CODE)

      Value  Global
   --------  --------------------------------
  0C:0023    __sdcc_gsinit_startup



Hexadecimal

Area                               Addr   Size   Decimal Bytes (Attributes)
--------------------------------   ----   ----   ------- ----- ------------
GSINIT3                            0030   0022 =     34. bytes (REL,CON,CODE)

      Value  Global
   --------  --------------------------------
  0C:0030    __mcs51_genXINIT

Hexadecimal

Area                               Addr   Size   Decimal Bytes (Attributes)
--------------------------------   ----   ----   ------- ----- ------------
GSINIT4                            0052   002A =     42. bytes (REL,CON,CODE)

      Value  Global
   --------  --------------------------------
  0C:0052    __mcs51_genRAMCLEAR
  0C:0058    __mcs51_genXRAMCLEAR




Hexadecimal

Area                               Addr   Size   Decimal Bytes (Attributes)
--------------------------------   ----   ----   ------- ----- ------------
CSEG                               007F   0912 =   2322. bytes (REL,CON,CODE)

      Value  Global
   --------  --------------------------------
  0C:007F    _delay
  0C:00BA    _display
  0C:0196    _main
  0C:01F5    _b
  0C:0239    _c
  0C:038D    __modslong
  0C:044D    __modulong
  0C:058D    __divslong
  0C:0655    __divulong
  0C:0760    __modsint
  0C:07CE    __moduint
  0C:087B    __divsint
  0C:08F3    __divuint
  0C:098D    __sdcc_external_startup


ASxxxx Linker V01.75 + NoICE + SDCC Feb 1999,  page 1.

Files Linked      [ module(s) ]

test1.rel       

Libraries Linked            [   object  file   ]

/usr/bin/../share/sdcc/lib/large/liblong.lib    [    _modslong.rel ]
/usr/bin/../share/sdcc/lib/large/liblong.lib    [    _modulong.rel ]
/usr/bin/../share/sdcc/lib/large/liblong.lib    [    _divslong.rel ]
/usr/bin/../share/sdcc/lib/large/liblong.lib    [    _divulong.rel ]
/usr/bin/../share/sdcc/lib/large/mcs51.lib    [     crtclear.rel ]
/usr/bin/../share/sdcc/lib/large/mcs51.lib    [     crtxinit.rel ]
/usr/bin/../share/sdcc/lib/large/libint.lib    [     _modsint.rel ]
/usr/bin/../share/sdcc/lib/large/libint.lib    [     _moduint.rel ]
/usr/bin/../share/sdcc/lib/large/mcs51.lib    [    crtxclear.rel ]
/usr/bin/../share/sdcc/lib/large/libint.lib    [     _divsint.rel ]
/usr/bin/../share/sdcc/lib/large/libint.lib    [     _divuint.rel ]
/usr/bin/../share/sdcc/lib/large/mcs51.lib    [   crtpagesfr.rel ]
/usr/bin/../share/sdcc/lib/large/mcs51.lib    [     crtstart.rel ]
/usr/bin/../share/sdcc/lib/large/libsdcc.lib    [     _startup.rel ]

ASxxxx Linker V01.75 + NoICE + SDCC Feb 1999,  page 2.

User Base Address Definitions

HOME = 0x0000
ISEG = 0x0000
BSEG = 0x0000

