ASxxxx Linker V02.00 + NoICE + sdld,  page 1.
Hexadecimal  [32-Bits]

Area                                    Addr        Size        Decimal Bytes (Attributes)
--------------------------------        ----        ----        ------- ----- ------------
CABS                                00000000    00000000 =           0. bytes (ABS,CON,CODE)

      Value  Global                              Global Defined In Module
      -----  --------------------------------   ------------------------
     0C:   FFFFFF00  s_BSEG                          
     0C:   00000000  l_BIT_BANK                      
     0C:   00000000  l_BSEG                          
     0C:   00000000  l_BSEG_BYTES                    
     0C:   00000000  l_CABS                          
     0C:   00000000  l_GSINIT1                       
     0C:   00000000  l_GSINIT5                       
     0C:   00000000  l_IABS                          
     0C:   00000000  l_ISEG                          
     0C:   00000000  l_PSEG                          
     0C:   00000000  l_REG_BANK_1                    
     0C:   00000000  l_REG_BANK_2                    
     0C:   00000000  l_REG_BANK_3                    
     0C:   00000000  l_RSEG                          
     0C:   00000000  l_RSEG0                         
     0C:   00000000  l_RSEG1                         
     0C:   00000000  l_XABS                          
     0C:   00000000  l_XINIT                         
     0C:   00000000  l_XISEG                         
     0C:   00000000  l_XSEG                          
     0C:   00000000  l__CODE                         
     0C:   00000000  s_BSEG_BYTES                    
     0C:   00000000  s_CABS                          
     0C:   00000000  s_DSEG                          
     0C:   00000000  s_HOME                          
     0C:   00000000  s_IABS                          
     0C:   00000000  s_ISEG                          
     0C:   00000000  s_PSEG                          
     0C:   00000000  s_REG_BANK_0                    
     0C:   00000000  s_RSEG                          
     0C:   00000000  s_RSEG0                         
     0C:   00000000  s_RSEG1                         
     0C:   00000000  s_XABS                          
     0C:   00000000  s_XISEG                         
     0C:   00000000  s_XSEG                          
     0C:   00000003  l_GSFINAL                       
     0C:   00000003  l_GSINIT0                       
     0C:   00000004  l_OSEG                          
     0C:   00000008  l_REG_BANK_0                    
     0C:   00000008  s_REG_BANK_1                    
     0C:   00000009  l_GSINIT                        
     0C:   0000000A  l_GSINIT2                       
     0C:   00000010  l_CONST                         
     0C:   00000010  s_REG_BANK_2                    
     0C:   00000013  l_HOME                          
     0C:   00000013  s_GSINIT0                       
     0C:   00000016  s_GSINIT1                       
     0C:   00000016  s_GSINIT2                       
     0C:   00000017  s_OSEG                          
     0C:   00000018  s_BIT_BANK                      
ASxxxx Linker V02.00 + NoICE + sdld,  page 2.
Hexadecimal  [32-Bits]

Area                                    Addr        Size        Decimal Bytes (Attributes)
--------------------------------        ----        ----        ------- ----- ------------
CABS                                00000000    00000000 =           0. bytes (ABS,CON,CODE)

      Value  Global                              Global Defined In Module
      -----  --------------------------------   ------------------------
     0C:   00000018  s_REG_BANK_3                    
     0C:   0000001B  s_SSEG                          
     0C:   00000020  s_GSINIT3                       
     0C:   00000020  s__CODE                         
     0C:   00000022  l_GSINIT3                       
     0C:   0000002A  l_GSINIT4                       
     0C:   00000042  s_GSINIT4                       
     0C:   0000006C  s_GSINIT                        
     0C:   0000006C  s_GSINIT5                       
     0C:   00000075  s_GSFINAL                       
     0C:   00000078  s_CSEG                          
     0C:   00000080  l_DSEG                          
     0C:   000000E5  l_SSEG                          
     0C:   00000100  l_IRAM                          
     0C:   000006A2  l_CSEG                          
     0C:   0000071A  s_CONST                         
     0C:   0000072A  s_XINIT                         

ASxxxx Linker V02.00 + NoICE + sdld,  page 3.
Hexadecimal  [32-Bits]

Area                                    Addr        Size        Decimal Bytes (Attributes)
--------------------------------        ----        ----        ------- ----- ------------
.	.ABS.                             00000000    00000000 =           0. bytes (ABS,CON)

      Value  Global                              Global Defined In Module
      -----  --------------------------------   ------------------------
           00000000  .__.ABS.                           _startup
           00000080  _P0                                test3
           00000080  _P0_0                              test3
           00000081  _P0_1                              test3
           00000081  _SP                                test3
           00000082  _DPL                               test3
           00000082  _P0_2                              test3
           00000083  _DPH                               test3
           00000083  _P0_3                              test3
           00000084  _P0_4                              test3
           00000085  _P0_5                              test3
           00000086  _P0_6                              test3
           00000087  _P0_7                              test3
           00000087  _PCON                              test3
           00000088  _IT0                               test3
           00000088  _TCON                              test3
           00000089  _IE0                               test3
           00000089  _TMOD                              test3
           0000008A  _IT1                               test3
           0000008A  _TL0                               test3
           0000008B  _IE1                               test3
           0000008B  _TL1                               test3
           0000008C  _TH0                               test3
           0000008C  _TR0                               test3
           0000008D  _TF0                               test3
           0000008D  _TH1                               test3
           0000008E  _TR1                               test3
           0000008F  _TF1                               test3
           00000090  _P1                                test3
           00000090  _P1_0                              test3
           00000091  _P1_1                              test3
           00000092  _P1_2                              test3
           00000093  _P1_3                              test3
           00000094  _P1_4                              test3
           00000095  _P1_5                              test3
           00000096  _P1_6                              test3
           00000097  _P1_7                              test3
           00000098  _RI                                test3
           00000098  _SCON                              test3
           00000099  _SBUF                              test3
           00000099  _TI                                test3
           0000009A  _RB8                               test3
           0000009B  _TB8                               test3
           0000009C  _REN                               test3
           0000009D  _SM2                               test3
           0000009E  _SM1                               test3
           0000009F  _SM0                               test3
           000000A0  _P2                                test3
           000000A0  _P2_0                              test3
           000000A0  __XPAGE                            
ASxxxx Linker V02.00 + NoICE + sdld,  page 4.
Hexadecimal  [32-Bits]

Area                                    Addr        Size        Decimal Bytes (Attributes)
--------------------------------        ----        ----        ------- ----- ------------
.	.ABS.                             00000000    00000000 =           0. bytes (ABS,CON)

      Value  Global                              Global Defined In Module
      -----  --------------------------------   ------------------------
           000000A1  _P2_1                              test3
           000000A2  _P2_2                              test3
           000000A3  _P2_3                              test3
           000000A4  _P2_4                              test3
           000000A5  _P2_5                              test3
           000000A6  _P2_6                              test3
           000000A7  _P2_7                              test3
           000000A8  _EX0                               test3
           000000A8  _IE                                test3
           000000A9  _ET0                               test3
           000000AA  _EX1                               test3
           000000AB  _ET1                               test3
           000000AC  _ES                                test3
           000000AF  _EA                                test3
           000000B0  _P3                                test3
           000000B0  _P3_0                              test3
           000000B0  _RXD                               test3
           000000B1  _P3_1                              test3
           000000B1  _TXD                               test3
           000000B2  _INT0                              test3
           000000B2  _P3_2                              test3
           000000B3  _INT1                              test3
           000000B3  _P3_3                              test3
           000000B4  _P3_4                              test3
           000000B4  _T0                                test3
           000000B5  _P3_5                              test3
           000000B5  _T1                                test3
           000000B6  _P3_6                              test3
           000000B6  _WR                                test3
           000000B7  _P3_7                              test3
           000000B7  _RD                                test3
           000000B8  _IP                                test3
           000000B8  _PX0                               test3
           000000B9  _PT0                               test3
           000000BA  _PX1                               test3
           000000BB  _PT1                               test3
           000000BC  _PS                                test3
           000000D0  _P                                 test3
           000000D0  _PSW                               test3
           000000D1  _F1                                test3
           000000D2  _OV                                test3
           000000D3  _RS0                               test3
           000000D4  _RS1                               test3
           000000D5  _F0                                test3
           000000D6  _AC                                test3
           000000D7  _CY                                test3
           000000E0  _ACC                               test3
           000000F0  _B                                 test3

ASxxxx Linker V02.00 + NoICE + sdld,  page 5.
Hexadecimal  [32-Bits]

Area                                    Addr        Size        Decimal Bytes (Attributes)
--------------------------------        ----        ----        ------- ----- ------------
REG_BANK_0                          00000000    00000008 =           8. bytes (REL,OVR)

      Value  Global                              Global Defined In Module
      -----  --------------------------------   ------------------------
ASxxxx Linker V02.00 + NoICE + sdld,  page 6.
Hexadecimal  [32-Bits]

Area                                    Addr        Size        Decimal Bytes (Attributes)
--------------------------------        ----        ----        ------- ----- ------------
DSEG                                00000000    00000080 =         128. bytes (REL,CON)

      Value  Global                              Global Defined In Module
      -----  --------------------------------   ------------------------
           00000013  _i                                 test3

ASxxxx Linker V02.00 + NoICE + sdld,  page 7.
Hexadecimal  [32-Bits]

Area                                    Addr        Size        Decimal Bytes (Attributes)
--------------------------------        ----        ----        ------- ----- ------------
OSEG                                00000017    00000004 =           4. bytes (REL,OVR)

      Value  Global                              Global Defined In Module
      -----  --------------------------------   ------------------------
           00000017  __divslong_PARM_2                  _divulong
           00000017  __divulong_PARM_2                  _divulong
           00000017  __modslong_PARM_2                  _modulong
           00000017  __modulong_PARM_2                  _modulong
           00000017  __mullong_PARM_2                   _mullong

ASxxxx Linker V02.00 + NoICE + sdld,  page 8.
Hexadecimal  [32-Bits]

Area                                    Addr        Size        Decimal Bytes (Attributes)
--------------------------------        ----        ----        ------- ----- ------------
SSEG                                0000001B    000000E5 =         229. bytes (REL,OVR)

      Value  Global                              Global Defined In Module
      -----  --------------------------------   ------------------------
           0000001B  __start__stack                     test3

ASxxxx Linker V02.00 + NoICE + sdld,  page 9.
Hexadecimal  [32-Bits]

Area                                    Addr        Size        Decimal Bytes (Attributes)
--------------------------------        ----        ----        ------- ----- ------------
HOME                                00000000    00000013 =          19. bytes (REL,CON,CODE)

      Value  Global                              Global Defined In Module
      -----  --------------------------------   ------------------------
     0C:   0000000E  __sdcc_program_startup             test3

ASxxxx Linker V02.00 + NoICE + sdld,  page 10.
Hexadecimal  [32-Bits]

Area                                    Addr        Size        Decimal Bytes (Attributes)
--------------------------------        ----        ----        ------- ----- ------------
GSINIT0                             00000013    00000003 =           3. bytes (REL,CON,CODE)

      Value  Global                              Global Defined In Module
      -----  --------------------------------   ------------------------
     0C:   00000013  __sdcc_gsinit_startup              

ASxxxx Linker V02.00 + NoICE + sdld,  page 11.
Hexadecimal  [32-Bits]

Area                                    Addr        Size        Decimal Bytes (Attributes)
--------------------------------        ----        ----        ------- ----- ------------
GSINIT2                             00000016    0000000A =          10. bytes (REL,CON,CODE)

      Value  Global                              Global Defined In Module
      -----  --------------------------------   ------------------------
ASxxxx Linker V02.00 + NoICE + sdld,  page 12.
Hexadecimal  [32-Bits]

Area                                    Addr        Size        Decimal Bytes (Attributes)
--------------------------------        ----        ----        ------- ----- ------------
GSINIT3                             00000020    00000022 =          34. bytes (REL,CON,CODE)

      Value  Global                              Global Defined In Module
      -----  --------------------------------   ------------------------
     0C:   00000020  __mcs51_genXINIT                   

ASxxxx Linker V02.00 + NoICE + sdld,  page 13.
Hexadecimal  [32-Bits]

Area                                    Addr        Size        Decimal Bytes (Attributes)
--------------------------------        ----        ----        ------- ----- ------------
GSINIT4                             00000042    0000002A =          42. bytes (REL,CON,CODE)

      Value  Global                              Global Defined In Module
      -----  --------------------------------   ------------------------
     0C:   00000042  __mcs51_genRAMCLEAR                
     0C:   00000048  __mcs51_genXRAMCLEAR               

ASxxxx Linker V02.00 + NoICE + sdld,  page 14.
Hexadecimal  [32-Bits]

Area                                    Addr        Size        Decimal Bytes (Attributes)
--------------------------------        ----        ----        ------- ----- ------------
GSINIT                              0000006C    00000009 =           9. bytes (REL,CON,CODE)

      Value  Global                              Global Defined In Module
      -----  --------------------------------   ------------------------
ASxxxx Linker V02.00 + NoICE + sdld,  page 15.
Hexadecimal  [32-Bits]

Area                                    Addr        Size        Decimal Bytes (Attributes)
--------------------------------        ----        ----        ------- ----- ------------
GSFINAL                             00000075    00000003 =           3. bytes (REL,CON,CODE)

      Value  Global                              Global Defined In Module
      -----  --------------------------------   ------------------------
ASxxxx Linker V02.00 + NoICE + sdld,  page 16.
Hexadecimal  [32-Bits]

Area                                    Addr        Size        Decimal Bytes (Attributes)
--------------------------------        ----        ----        ------- ----- ------------
CSEG                                00000078    000006A2 =        1698. bytes (REL,CON,CODE)

      Value  Global                              Global Defined In Module
      -----  --------------------------------   ------------------------
     0C:   00000078  _delay                             test3
     0C:   000000A4  _display                           test3
     0C:   00000581  _main                              test3
     0C:   0000059F  _timer                             test3
     0C:   000005C0  __modulong                         _modulong
     0C:   00000643  __divulong                         _divulong
     0C:   000006A8  __mullong                          _mullong
     0C:   000006A8  __mullong_dummy                    _mullong
     0C:   00000716  __sdcc_external_startup            _startup
ASxxxx Linker V02.00 + NoICE + sdld,  page 17.
Hexadecimal  [32-Bits]

Area                                    Addr        Size        Decimal Bytes (Attributes)
--------------------------------        ----        ----        ------- ----- ------------
CONST                               0000071A    00000010 =          16. bytes (REL,CON,CODE)

      Value  Global                              Global Defined In Module
      -----  --------------------------------   ------------------------
     0C:   0000071A  _display_seg                       test3
     0C:   00000725  _seg_position                      test3

ASxxxx Linker V02.00 + NoICE + sdld,  page 18.

Files Linked                              [ module(s) ]

test3.rel                                 [  ]


Libraries Linked                          [ object file ]

/usr/share/sdcc/lib/small/liblong.lib     [ _modulong.rel ]
/usr/share/sdcc/lib/small/liblong.lib     [ _divulong.rel ]
/usr/share/sdcc/lib/small/mcs51.lib       [ crtclear.rel ]
/usr/share/sdcc/lib/small/mcs51.lib       [ crtxinit.rel ]
/usr/share/sdcc/lib/small/liblong.lib     [ _mullong.rel ]
/usr/share/sdcc/lib/small/mcs51.lib       [ crtxclear.rel ]
/usr/share/sdcc/lib/small/mcs51.lib       [ crtpagesfr.rel ]
/usr/share/sdcc/lib/small/mcs51.lib       [ crtstart.rel ]
/usr/share/sdcc/lib/small/libsdcc.lib     [ _startup.rel ]

ASxxxx Linker V02.00 + NoICE + sdld,  page 19.

User Base Address Definitions

HOME = 0x0000
ISEG = 0x0000
BSEG = 0x0000

