ASxxxx Linker V02.00 + NoICE + sdld,  page 1.
Hexadecimal  [32-Bits]

Area                                    Addr        Size        Decimal Bytes (Attributes)
--------------------------------        ----        ----        ------- ----- ------------
CABS                                00000000    00000000 =           0. bytes (ABS,CON,CODE)

      Value  Global                              Global Defined In Module
      -----  --------------------------------   ------------------------
     0C:   FFFFFF00  s_BSEG                          
     0C:   00000000  l_BSEG                          
     0C:   00000000  l_BSEG_BYTES                    
     0C:   00000000  l_CABS                          
     0C:   00000000  l_GSINIT1                       
     0C:   00000000  l_GSINIT5                       
     0C:   00000000  l_IABS                          
     0C:   00000000  l_ISEG                          
     0C:   00000000  l_PSEG                          
     0C:   00000000  l_REG_BANK_1                    
     0C:   00000000  l_REG_BANK_2                    
     0C:   00000000  l_REG_BANK_3                    
     0C:   00000000  l_RSEG                          
     0C:   00000000  l_RSEG0                         
     0C:   00000000  l_RSEG1                         
     0C:   00000000  l_XABS                          
     0C:   00000000  l_XINIT                         
     0C:   00000000  l_XISEG                         
     0C:   00000000  l_XSEG                          
     0C:   00000000  l__CODE                         
     0C:   00000000  s_BSEG_BYTES                    
     0C:   00000000  s_CABS                          
     0C:   00000000  s_DSEG                          
     0C:   00000000  s_HOME                          
     0C:   00000000  s_IABS                          
     0C:   00000000  s_ISEG                          
     0C:   00000000  s_PSEG                          
     0C:   00000000  s_REG_BANK_0                    
     0C:   00000000  s_RSEG                          
     0C:   00000000  s_RSEG0                         
     0C:   00000000  s_RSEG1                         
     0C:   00000000  s_XABS                          
     0C:   00000000  s_XISEG                         
     0C:   00000000  s_XSEG                          
     0C:   00000001  l_BIT_BANK                      
     0C:   00000003  l_GSFINAL                       
     0C:   00000003  l_GSINIT0                       
     0C:   00000004  l_OSEG                          
     0C:   00000006  l_GSINIT                        
     0C:   00000008  l_REG_BANK_0                    
     0C:   00000008  s_REG_BANK_1                    
     0C:   0000000A  l_GSINIT2                       
     0C:   00000010  s_REG_BANK_2                    
     0C:   00000014  s_OSEG                          
     0C:   00000018  s_REG_BANK_3                    
     0C:   00000020  s_BIT_BANK                      
     0C:   00000020  s__CODE                         
     0C:   00000021  s_SSEG                          
     0C:   00000022  l_GSINIT3                       
     0C:   00000023  l_HOME                          
ASxxxx Linker V02.00 + NoICE + sdld,  page 2.
Hexadecimal  [32-Bits]

Area                                    Addr        Size        Decimal Bytes (Attributes)
--------------------------------        ----        ----        ------- ----- ------------
CABS                                00000000    00000000 =           0. bytes (ABS,CON,CODE)

      Value  Global                              Global Defined In Module
      -----  --------------------------------   ------------------------
     0C:   00000023  s_GSINIT0                       
     0C:   00000026  s_GSINIT1                       
     0C:   00000026  s_GSINIT2                       
     0C:   0000002A  l_GSINIT4                       
     0C:   00000030  s_GSINIT3                       
     0C:   00000052  s_GSINIT4                       
     0C:   00000078  l_DSEG                          
     0C:   0000007C  s_GSINIT                        
     0C:   0000007C  s_GSINIT5                       
     0C:   00000082  s_GSFINAL                       
     0C:   00000085  s_CSEG                          
     0C:   00000087  l_CONST                         
     0C:   000000DF  l_SSEG                          
     0C:   00000100  l_IRAM                          
     0C:   000004FB  l_CSEG                          
     0C:   00000580  s_CONST                         
     0C:   00000607  s_XINIT                         

ASxxxx Linker V02.00 + NoICE + sdld,  page 3.
Hexadecimal  [32-Bits]

Area                                    Addr        Size        Decimal Bytes (Attributes)
--------------------------------        ----        ----        ------- ----- ------------
.	.ABS.                             00000000    00000000 =           0. bytes (ABS,CON)

      Value  Global                              Global Defined In Module
      -----  --------------------------------   ------------------------
           00000000  .__.ABS.                           _startup
           00000080  _P0                                test1
           00000080  _P0_0                              test1
           00000081  _P0_1                              test1
           00000081  _SP                                test1
           00000082  _DPL                               test1
           00000082  _P0_2                              test1
           00000083  _DPH                               test1
           00000083  _P0_3                              test1
           00000084  _P0_4                              test1
           00000085  _P0_5                              test1
           00000086  _P0_6                              test1
           00000087  _P0_7                              test1
           00000087  _PCON                              test1
           00000088  _IT0                               test1
           00000088  _TCON                              test1
           00000089  _IE0                               test1
           00000089  _TMOD                              test1
           0000008A  _IT1                               test1
           0000008A  _TL0                               test1
           0000008B  _IE1                               test1
           0000008B  _TL1                               test1
           0000008C  _TH0                               test1
           0000008C  _TR0                               test1
           0000008D  _TF0                               test1
           0000008D  _TH1                               test1
           0000008E  _TR1                               test1
           0000008F  _TF1                               test1
           00000090  _P1                                test1
           00000090  _P1_0                              test1
           00000091  _P1_1                              test1
           00000092  _P1_2                              test1
           00000093  _P1_3                              test1
           00000094  _P1_4                              test1
           00000095  _P1_5                              test1
           00000096  _P1_6                              test1
           00000097  _P1_7                              test1
           00000098  _RI                                test1
           00000098  _SCON                              test1
           00000099  _SBUF                              test1
           00000099  _TI                                test1
           0000009A  _RB8                               test1
           0000009B  _TB8                               test1
           0000009C  _REN                               test1
           0000009D  _SM2                               test1
           0000009E  _SM1                               test1
           0000009F  _SM0                               test1
           000000A0  _P2                                test1
           000000A0  _P2_0                              test1
           000000A0  __XPAGE                            
ASxxxx Linker V02.00 + NoICE + sdld,  page 4.
Hexadecimal  [32-Bits]

Area                                    Addr        Size        Decimal Bytes (Attributes)
--------------------------------        ----        ----        ------- ----- ------------
.	.ABS.                             00000000    00000000 =           0. bytes (ABS,CON)

      Value  Global                              Global Defined In Module
      -----  --------------------------------   ------------------------
           000000A1  _P2_1                              test1
           000000A2  _P2_2                              test1
           000000A3  _P2_3                              test1
           000000A4  _P2_4                              test1
           000000A5  _P2_5                              test1
           000000A6  _P2_6                              test1
           000000A7  _P2_7                              test1
           000000A8  _EX0                               test1
           000000A8  _IE                                test1
           000000A9  _ET0                               test1
           000000AA  _EX1                               test1
           000000AB  _ET1                               test1
           000000AC  _ES                                test1
           000000AD  _ET2                               test1
           000000AF  _EA                                test1
           000000B0  _P3                                test1
           000000B0  _P3_0                              test1
           000000B0  _RXD                               test1
           000000B1  _P3_1                              test1
           000000B1  _TXD                               test1
           000000B2  _INT0                              test1
           000000B2  _P3_2                              test1
           000000B3  _INT1                              test1
           000000B3  _P3_3                              test1
           000000B4  _P3_4                              test1
           000000B4  _T0                                test1
           000000B5  _P3_5                              test1
           000000B5  _T1                                test1
           000000B6  _P3_6                              test1
           000000B6  _WR                                test1
           000000B7  _P3_7                              test1
           000000B7  _RD                                test1
           000000B8  _IP                                test1
           000000B8  _PX0                               test1
           000000B9  _PT0                               test1
           000000BA  _PX1                               test1
           000000BB  _PT1                               test1
           000000BC  _PS                                test1
           000000BD  _PT2                               test1
           000000C8  _CP_RL2                            test1
           000000C8  _T2CON                             test1
           000000C8  _T2CON_0                           test1
           000000C9  _C_T2                              test1
           000000C9  _T2CON_1                           test1
           000000CA  _RCAP2L                            test1
           000000CA  _T2CON_2                           test1
           000000CA  _TR2                               test1
           000000CB  _EXEN2                             test1
           000000CB  _RCAP2H                            test1
           000000CB  _T2CON_3                           test1
           000000CC  _T2CON_4                           test1
ASxxxx Linker V02.00 + NoICE + sdld,  page 5.
Hexadecimal  [32-Bits]

Area                                    Addr        Size        Decimal Bytes (Attributes)
--------------------------------        ----        ----        ------- ----- ------------
.	.ABS.                             00000000    00000000 =           0. bytes (ABS,CON)

      Value  Global                              Global Defined In Module
      -----  --------------------------------   ------------------------
           000000CC  _TCLK                              test1
           000000CC  _TL2                               test1
           000000CD  _RCLK                              test1
           000000CD  _T2CON_5                           test1
           000000CD  _TH2                               test1
           000000CE  _EXF2                              test1
           000000CE  _T2CON_6                           test1
           000000CF  _T2CON_7                           test1
           000000CF  _TF2                               test1
           000000D0  _P                                 test1
           000000D0  _PSW                               test1
           000000D1  _F1                                test1
           000000D2  _OV                                test1
           000000D3  _RS0                               test1
           000000D4  _RS1                               test1
           000000D5  _F0                                test1
           000000D6  _AC                                test1
           000000D7  _CY                                test1
           000000E0  _ACC                               test1
           000000F0  _B                                 test1

ASxxxx Linker V02.00 + NoICE + sdld,  page 6.
Hexadecimal  [32-Bits]

Area                                    Addr        Size        Decimal Bytes (Attributes)
--------------------------------        ----        ----        ------- ----- ------------
REG_BANK_0                          00000000    00000008 =           8. bytes (REL,OVR)

      Value  Global                              Global Defined In Module
      -----  --------------------------------   ------------------------
ASxxxx Linker V02.00 + NoICE + sdld,  page 7.
Hexadecimal  [32-Bits]

Area                                    Addr        Size        Decimal Bytes (Attributes)
--------------------------------        ----        ----        ------- ----- ------------
BIT_BANK                            00000020    00000001 =           1. bytes (REL,OVR)

      Value  Global                              Global Defined In Module
      -----  --------------------------------   ------------------------
ASxxxx Linker V02.00 + NoICE + sdld,  page 8.
Hexadecimal  [32-Bits]

Area                                    Addr        Size        Decimal Bytes (Attributes)
--------------------------------        ----        ----        ------- ----- ------------
DSEG                                00000000    00000078 =         120. bytes (REL,CON)

      Value  Global                              Global Defined In Module
      -----  --------------------------------   ------------------------
           00000008  _t_h                               test1
           00000009  _t_l                               test1
           0000000A  _count                             test1
           0000000C  _i                                 test1
           0000000E  __c                                test1

ASxxxx Linker V02.00 + NoICE + sdld,  page 9.
Hexadecimal  [32-Bits]

Area                                    Addr        Size        Decimal Bytes (Attributes)
--------------------------------        ----        ----        ------- ----- ------------
OSEG                                00000014    00000004 =           4. bytes (REL,OVR)

      Value  Global                              Global Defined In Module
      -----  --------------------------------   ------------------------
           00000014  __divsint_PARM_2                   _divuint
           00000014  __divslong_PARM_2                  _divulong
           00000014  __divuint_PARM_2                   _divuint
           00000014  __divulong_PARM_2                  _divulong
           00000014  __modsint_PARM_2                   _moduint
           00000014  __modslong_PARM_2                  _modulong
           00000014  __moduint_PARM_2                   _moduint
           00000014  __modulong_PARM_2                  _modulong

ASxxxx Linker V02.00 + NoICE + sdld,  page 10.
Hexadecimal  [32-Bits]

Area                                    Addr        Size        Decimal Bytes (Attributes)
--------------------------------        ----        ----        ------- ----- ------------
SSEG                                00000021    000000DF =         223. bytes (REL,OVR)

      Value  Global                              Global Defined In Module
      -----  --------------------------------   ------------------------
           00000021  __start__stack                     test1

ASxxxx Linker V02.00 + NoICE + sdld,  page 11.
Hexadecimal  [32-Bits]

Area                                    Addr        Size        Decimal Bytes (Attributes)
--------------------------------        ----        ----        ------- ----- ------------
HOME                                00000000    00000023 =          35. bytes (REL,CON,CODE)

      Value  Global                              Global Defined In Module
      -----  --------------------------------   ------------------------
     0C:   0000001E  __sdcc_program_startup             test1

ASxxxx Linker V02.00 + NoICE + sdld,  page 12.
Hexadecimal  [32-Bits]

Area                                    Addr        Size        Decimal Bytes (Attributes)
--------------------------------        ----        ----        ------- ----- ------------
GSINIT0                             00000023    00000003 =           3. bytes (REL,CON,CODE)

      Value  Global                              Global Defined In Module
      -----  --------------------------------   ------------------------
     0C:   00000023  __sdcc_gsinit_startup              

ASxxxx Linker V02.00 + NoICE + sdld,  page 13.
Hexadecimal  [32-Bits]

Area                                    Addr        Size        Decimal Bytes (Attributes)
--------------------------------        ----        ----        ------- ----- ------------
GSINIT2                             00000026    0000000A =          10. bytes (REL,CON,CODE)

      Value  Global                              Global Defined In Module
      -----  --------------------------------   ------------------------
ASxxxx Linker V02.00 + NoICE + sdld,  page 14.
Hexadecimal  [32-Bits]

Area                                    Addr        Size        Decimal Bytes (Attributes)
--------------------------------        ----        ----        ------- ----- ------------
GSINIT3                             00000030    00000022 =          34. bytes (REL,CON,CODE)

      Value  Global                              Global Defined In Module
      -----  --------------------------------   ------------------------
     0C:   00000030  __mcs51_genXINIT                   

ASxxxx Linker V02.00 + NoICE + sdld,  page 15.
Hexadecimal  [32-Bits]

Area                                    Addr        Size        Decimal Bytes (Attributes)
--------------------------------        ----        ----        ------- ----- ------------
GSINIT4                             00000052    0000002A =          42. bytes (REL,CON,CODE)

      Value  Global                              Global Defined In Module
      -----  --------------------------------   ------------------------
     0C:   00000052  __mcs51_genRAMCLEAR                
     0C:   00000058  __mcs51_genXRAMCLEAR               

ASxxxx Linker V02.00 + NoICE + sdld,  page 16.
Hexadecimal  [32-Bits]

Area                                    Addr        Size        Decimal Bytes (Attributes)
--------------------------------        ----        ----        ------- ----- ------------
GSINIT                              0000007C    00000006 =           6. bytes (REL,CON,CODE)

      Value  Global                              Global Defined In Module
      -----  --------------------------------   ------------------------
ASxxxx Linker V02.00 + NoICE + sdld,  page 17.
Hexadecimal  [32-Bits]

Area                                    Addr        Size        Decimal Bytes (Attributes)
--------------------------------        ----        ----        ------- ----- ------------
GSFINAL                             00000082    00000003 =           3. bytes (REL,CON,CODE)

      Value  Global                              Global Defined In Module
      -----  --------------------------------   ------------------------
ASxxxx Linker V02.00 + NoICE + sdld,  page 18.
Hexadecimal  [32-Bits]

Area                                    Addr        Size        Decimal Bytes (Attributes)
--------------------------------        ----        ----        ------- ----- ------------
CSEG                                00000085    000004FB =        1275. bytes (REL,CON,CODE)

      Value  Global                              Global Defined In Module
      -----  --------------------------------   ------------------------
     0C:   00000085  _delay                             test1
     0C:   000000B1  _display                           test1
     0C:   00000174  _main                              test1
     0C:   000001C1  _b                                 test1
     0C:   000001F7  _c                                 test1
     0C:   0000030F  __modulong                         _modulong
     0C:   00000392  __divulong                         _divulong
     0C:   000003F7  __moduint                          _moduint
     0C:   00000444  __divuint                          _divuint
     0C:   0000046D  __modslong                         _modslong
     0C:   000004BC  __divslong                         _divslong
     0C:   0000050E  __modsint                          _modsint
     0C:   00000544  __divsint                          _divsint
     0C:   0000057C  __sdcc_external_startup            _startup

ASxxxx Linker V02.00 + NoICE + sdld,  page 19.
Hexadecimal  [32-Bits]

Area                                    Addr        Size        Decimal Bytes (Attributes)
--------------------------------        ----        ----        ------- ----- ------------
CONST                               00000580    00000087 =         135. bytes (REL,CON,CODE)

      Value  Global                              Global Defined In Module
      -----  --------------------------------   ------------------------
     0C:   00000580  _t                                 test1
     0C:   00000598  _time                              test1
     0C:   000005DA  _s                                 test1
     0C:   000005F7  _display_seg                       test1
     0C:   00000602  _seg_position                      test1

ASxxxx Linker V02.00 + NoICE + sdld,  page 20.

Files Linked                              [ module(s) ]

test1.rel                                 [  ]


Libraries Linked                          [ object file ]

/usr/share/sdcc/lib/small/liblong.lib     [ _modulong.rel ]
/usr/share/sdcc/lib/small/liblong.lib     [ _divulong.rel ]
/usr/share/sdcc/lib/small/mcs51.lib       [ crtclear.rel ]
/usr/share/sdcc/lib/small/mcs51.lib       [ crtxinit.rel ]
/usr/share/sdcc/lib/small/libint.lib      [ _moduint.rel ]
/usr/share/sdcc/lib/small/mcs51.lib       [ crtxclear.rel ]
/usr/share/sdcc/lib/small/libint.lib      [ _divuint.rel ]
/usr/share/sdcc/lib/small/liblong.lib     [ _modslong.rel ]
/usr/share/sdcc/lib/small/liblong.lib     [ _divslong.rel ]
/usr/share/sdcc/lib/small/mcs51.lib       [ crtpagesfr.rel ]
/usr/share/sdcc/lib/small/mcs51.lib       [ crtstart.rel ]
/usr/share/sdcc/lib/small/libint.lib      [ _modsint.rel ]
/usr/share/sdcc/lib/small/libint.lib      [ _divsint.rel ]
/usr/share/sdcc/lib/small/libsdcc.lib     [ _startup.rel ]

ASxxxx Linker V02.00 + NoICE + sdld,  page 21.

User Base Address Definitions

HOME = 0x0000
ISEG = 0x0000
BSEG = 0x0000

